// Jest Snapshot v1, https://goo.gl/fbAQLP

exports[`AddButton Snapshot 1`] = `
<DocumentFragment>
  <button
    aria-label="add"
    class="MuiButtonBase-root MuiFab-root makeStyles-fab-1 MuiFab-sizeSmall MuiFab-primary"
    tabindex="0"
    type="button"
  >
    <span
      class="MuiFab-label"
    >
      <svg
        aria-hidden="true"
        class="MuiSvgIcon-root"
        focusable="false"
        role="presentation"
        viewBox="0 0 24 24"
      >
        <path
          d="M19 13h-6v6h-2v-6H5v-2h6V5h2v6h6v2z"
        />
      </svg>
    </span>
    <span
      class="MuiTouchRipple-root"
    />
  </button>
</DocumentFragment>
`;
